// Jest Snapshot v1, https://goo.gl/fbAQLP

exports[`Test global setup has global definitions 1`] = `
Object {
  "Circle": [Function],
  "Data": [Function],
  "ImageMapType": [MockFunction],
  "LatLng": [Function],
  "LatLngBounds": [Function],
  "MVCArray": [Function],
  "MVCObject": [Function],
  "Map": [Function],
  "MapCanvasProjection": [Function],
  "MapPanes": [Function],
  "MapTypeId": Object {
    "HYBRID": "hybrid",
    "ROADMAP": "roadmap",
    "SATELLITE": "satellite",
    "TERRAIN": "terrain",
  },
  "Marker": [MockFunction],
  "OverlayView": [Function],
  "Point": [Function],
  "Polyline": [Function],
  "Size": [Function],
  "StreetViewPanorama": [Function],
  "StreetViewPreference": Object {
    "BEST": "best",
    "NEAREST": "nearest",
  },
  "StreetViewService": [Function],
  "StreetViewSource": Object {
    "DEFAULT": "default",
    "OUTDOOR": "outdoor",
  },
  "VisibleRegion": [Function],
  "event": Object {
    "addListenerOnce": [MockFunction],
  },
  "places": Object {
    "Autocomplete": [Function],
    "SearchBox": [Function],
  },
}
`;

exports[`Test global setup street view service resolves: resp 1 1`] = `
Object {
  "data": Object {
    "copyright": "Copyright",
    "imageDate": "August 2020",
    "links": Array [],
    "location": Object {
      "description": "Fake panorama description",
      "latLng": Object {
        "lat": 0,
        "lng": 0,
      },
      "pano": "69",
      "shortDescription": null,
    },
    "tiles": Object {
      "centerHeading": 0,
      "getTileUrl": [Function],
      "tileSize": Size {
        "height": 1,
        "toString": [MockFunction],
        "width": 1,
      },
      "worldSize": Size {
        "height": 1,
        "toString": [MockFunction],
        "width": 1,
      },
    },
  },
}
`;

exports[`Test global setup street view service resolves: resp 2 1`] = `
Object {
  "ok": true,
}
`;
