// Jest Snapshot v1, https://goo.gl/fbAQLP

exports[`Google global mock setup enums are defined 1`] = `
Object {
  "BEST": "best",
  "NEAREST": "nearest",
}
`;

exports[`Google global mock setup enums are defined 2`] = `
Object {
  "DEFAULT": "default",
  "OUTDOOR": "outdoor",
}
`;

exports[`Google global mock setup street view service resolves: default response 1`] = `
Object {
  "data": Object {
    "copyright": "Copyright",
    "imageDate": "August 2020",
    "links": Array [],
    "location": Object {
      "description": "Fake panorama description",
      "latLng": Object {
        "lat": 0,
        "lng": 0,
      },
      "pano": "69",
      "shortDescription": null,
    },
    "tiles": Object {
      "centerHeading": 0,
      "getTileUrl": [Function],
      "tileSize": Size {
        "height": 1,
        "toString": [MockFunction],
        "width": 1,
      },
      "worldSize": Size {
        "height": 1,
        "toString": [MockFunction],
        "width": 1,
      },
    },
  },
}
`;

exports[`Google global mock setup street view service resolves: overwritten response 1`] = `
Object {
  "ok": true,
}
`;
