// Jest Snapshot v1, https://goo.gl/fbAQLP

exports[`Speed dial can restart round: reset round 1`] = `
Object {
  "mapId": "1mSRVyWP3tLQ",
  "mapName": "Custom map",
  "players": Array [
    "player1",
    "player2",
  ],
  "rounds": Object {
    "current": 2,
    "progress": 0,
    "total": 3,
  },
  "scores": Array [
    Array [
      Object {
        "name": "player2",
        "score": 0,
      },
      Object {
        "name": "player1",
        "score": 0,
      },
    ],
    Array [],
  ],
  "status": "PENDING_PLAYER",
  "timeLimit": 60,
}
`;
